<div ><a id="title" href="#title">Title</a>
</div>
