<div ><code class="language-php">echo 'Hello world';
</code>
</div>
